// Jest Snapshot v1, https://goo.gl/fbAQLP

exports[`<Nav /> renders and full nav when signed in 1`] = `
<ul
  class="sc-dkrFOg gRfOOC"
>
  <a
    href="/products"
  >
    Products
  </a>
  <a
    href="/sell"
  >
    Sell
  </a>
  <a
    href="/orders"
  >
    Orders
  </a>
  <button
    type="button"
  >
    Sign Out
  </button>
  <button
    type="button"
  >
    My Cart
    <span
      class="sc-gswNZR cIJjVU"
    >
      <div>
        <div
          class="sc-bcXHqe hhKHdx count"
        >
          0
        </div>
      </div>
    </span>
  </button>
</ul>
`;
