// Jest Snapshot v1, https://goo.gl/fbAQLP

exports[`<Product /> renders and matches the snapshot 1`] = `
<div
  class="sc-bcXHqe iBgyww"
>
  <img
    alt="dogs are best"
    src="dog.jpg"
  />
  <h3
    class="sc-gswNZR hIyuF"
  >
    <a
      href="/product/abc123"
    >
      dogs are best
    </a>
  </h3>
  <span
    class="sc-dkrFOg iDRINv"
  >
    $50
  </span>
  <p>
    dogs
  </p>
  <div
    class="buttonList"
  >
    <a
      href="/update?id=abc123"
    >
      Edit ✏️
    </a>
    <button
      type="button"
    >
      Add
       To Cart 🛒
    </button>
    <button
      type="button"
    >
      Delete
    </button>
  </div>
</div>
`;
