// Jest Snapshot v1, https://goo.gl/fbAQLP

exports[`<SignUp /> renders and matches snapshot 1`] = `
<form
  class="sc-bcXHqe cYSsYe"
  method="POST"
>
  <h2>
    Sign Up For an Account
  </h2>
  <fieldset>
    <label
      for="name"
    >
      Your Name
      <input
        autocomplete="name"
        id="name"
        name="name"
        placeholder="Your Name"
        type="text"
        value=""
      />
    </label>
    <label
      for="email"
    >
      Email
      <input
        autocomplete="email"
        id="email"
        name="email"
        placeholder="Your Email Address"
        type="email"
        value=""
      />
    </label>
    <label
      for="password"
    >
      Password
      <input
        autocomplete="password"
        id="password"
        name="password"
        placeholder="Password"
        type="password"
        value=""
      />
    </label>
    <button
      type="submit"
    >
      Sign Up!
    </button>
  </fieldset>
</form>
`;
