// Jest Snapshot v1, https://goo.gl/fbAQLP

exports[`<Pagination /> renders pagination for 18 items 1`] = `
<div
  class="sc-bcXHqe frpvnm"
  data-testid="pagination"
>
  <a
    aria-disabled="true"
    href="/products/0"
  >
    ← Prev
  </a>
  <p>
    Page 
    1
     of 
    5
  </p>
  <p>
    18
     Items Total
  </p>
  <a
    aria-disabled="false"
    href="/products/2"
  >
    Next →
  </a>
</div>
`;
