// Jest Snapshot v1, https://goo.gl/fbAQLP

exports[`<Nav /> renders and full nav when signed in 1`] = `
<ul
  class="NavStyles-sc-11c0d2g-0 fSNoZI"
>
  <a
    href="/products"
  >
    Products
  </a>
  <a
    href="/sell"
  >
    Sell
  </a>
  <a
    href="/orders"
  >
    Orders
  </a>
  <a
    href="/account"
  >
    Account
  </a>
  <button
    type="button"
  >
    Sign Out
  </button>
  <button
    type="button"
  >
    My Cart
    <span
      class="CartCount__AnimationStyles-sc-xxvp4g-1 lcWlXV"
    >
      <div>
        <div
          class="CartCount__Dot-sc-xxvp4g-0 hMpcbO count"
        >
          0
        </div>
      </div>
    </span>
  </button>
</ul>
`;
